C51 COMPILER V9.54   18B20                                                                 05/20/2021 20:34:35 PAGE 1   


C51 COMPILER V9.54, COMPILATION OF MODULE 18B20
OBJECT MODULE PLACED IN 18b20.OBJ
COMPILER INVOKED BY: C:\Program Files (x86)\Keil_v5\C51\BIN\C51.EXE 18b20.c OPTIMIZE(8,SPEED) BROWSE DEBUG OBJECTEXTEND 
                    -TABS(2)

line level    source

   1          /*-----------------------------------------------
   2            名称：18B20温度传感器
   3            网站：www.doflye.net
   4            编写：shifang
   5            日期：2009.5
   6            修改：无
   7            内容：18B20单线温度检测的应用样例程序
   8          ------------------------------------------------*/
   9          #include<AT89x51.H>
  10          #include"delay.h"
  11          #include"18b20.h"
  12          /*------------------------------------------------
  13                              18b20初始化
  14          ------------------------------------------------*/
  15          bit Init_DS18B20(void)
  16          {
  17   1       bit dat=0;
  18   1       DQ = 1;    //DQ复位
  19   1       DelayUs2x(5);   //稍做延时
  20   1       DQ = 0;         //单片机将DQ拉低
  21   1       DelayUs2x(200); //精确延时 大于 480us 小于960us
  22   1       DelayUs2x(200);
  23   1       DQ = 1;        //拉高总线
  24   1       DelayUs2x(50); //15~60us 后 接收60-240us的存在脉冲
  25   1       dat=DQ;        //如果x=0则初始化成功, x=1则初始化失败
  26   1       DelayUs2x(25); //稍作延时返回
  27   1       return dat;
  28   1      }
  29          
  30          /*------------------------------------------------
  31                              读取一个字节
  32          ------------------------------------------------*/
  33          unsigned char ReadOneChar(void)
  34          {
  35   1      unsigned char i=0;
  36   1      unsigned char dat = 0;
  37   1      for (i=8;i>0;i--)
  38   1       {
  39   2        DQ = 0; // 给脉冲信号
  40   2        dat>>=1;
  41   2        DQ = 1; // 给脉冲信号
  42   2        if(DQ)
  43   2         dat|=0x80;
  44   2        DelayUs2x(25);
  45   2       }
  46   1       return(dat);
  47   1      }
  48          /*------------------------------------------------
  49                              写入一个字节
  50          ------------------------------------------------*/
  51          void WriteOneChar(unsigned char dat)
  52          {
  53   1       unsigned char i=0;
  54   1       for (i=8; i>0; i--)
C51 COMPILER V9.54   18B20                                                                 05/20/2021 20:34:35 PAGE 2   

  55   1       {
  56   2        DQ = 0;
  57   2        DQ = dat&0x01;
  58   2        DelayUs2x(25);
  59   2        DQ = 1;
  60   2        dat>>=1;
  61   2       }
  62   1      DelayUs2x(25);
  63   1      }
  64          
  65          /*------------------------------------------------
  66                              读取温度
  67          ------------------------------------------------*/
  68          unsigned int ReadTemperature(void)
  69          {
  70   1      unsigned char a=0;
  71   1      unsigned int b=0;
  72   1      unsigned int t=0;
  73   1      Init_DS18B20();
  74   1      WriteOneChar(0xCC); // 跳过读序号列号的操作
  75   1      WriteOneChar(0x44); // 启动温度转换
  76   1      DelayMs(10);
  77   1      Init_DS18B20();
  78   1      WriteOneChar(0xCC); //跳过读序号列号的操作 
  79   1      WriteOneChar(0xBE); //读取温度寄存器等（共可读9个寄存器） 前两个就是温度
  80   1      a=ReadOneChar();   //低位
  81   1      b=ReadOneChar();   //高位
  82   1      
  83   1      b<<=8;
  84   1      t=a+b;
  85   1      
  86   1      return(t);
  87   1      }


MODULE INFORMATION:   STATIC OVERLAYABLE
   CODE SIZE        =    183    ----
   CONSTANT SIZE    =   ----    ----
   XDATA SIZE       =   ----    ----
   PDATA SIZE       =   ----    ----
   DATA SIZE        =   ----       5
   IDATA SIZE       =   ----    ----
   BIT SIZE         =   ----       1
END OF MODULE INFORMATION.


C51 COMPILATION COMPLETE.  0 WARNING(S),  0 ERROR(S)
