C51 COMPILER V9.54   MAIN                                                                  05/02/2021 15:55:08 PAGE 1   


C51 COMPILER V9.54, COMPILATION OF MODULE MAIN
OBJECT MODULE PLACED IN .\Objects\main.obj
COMPILER INVOKED BY: C:\Program Files (x86)\Keil_v5\C51\BIN\C51.EXE main.c OPTIMIZE(8,SPEED) BROWSE DEBUG OBJECTEXTEND P
                    -RINT(.\Listings\main.lst) TABS(2) OBJECT(.\Objects\main.obj)

line level    source

   1          #include "reg51.h"
   2          #include "string.h"
   3          #include "delay.h"
   4          #include "iic1602.h"
   5          #include "MatrixKey.h"
   6          #include "at24c02.h"
   7          unsigned char code redistance[] = " L___ F___ R___ ";
   8          unsigned char code safe[] = "    safe now    ";
   9          unsigned char code danger[] = "   danger now   ";
  10          unsigned char code setting[] = "   input dist   ";
  11          unsigned char code number[] = "0123456789";
  12          char setdistance[] = " L___ F___ R___ ", KeyNum = 10;
  13          int leftnumber, lbaiwei, lshiwei, lgewei,
  14          frontnumber, fbaiwei, fshiwei, fgewei,
  15          rightnumber, rbaiwei, rshiwei, rgewei,
  16          i, j, k, l;
  17          int main()
  18          {
  19   1        k = 0;
  20   1        lcd_init();
  21   1        dispaly_character(0, 0, setting);
  22   1        dispaly_character(0, 1, redistance);
  23   1        while (1)
  24   1        {
  25   2          KeyNum = MatrixKey();
  26   2          /*save*/
  27   2          if (KeyNum == 11)
  28   2          {
  29   3            ISendStr(0xA0, 0, setdistance, 16);
  30   3            j = k;
  31   3          }
  32   2          /*load*/
  33   2          if (KeyNum == 12)
  34   2          {
  35   3            IRcvStr(0xA0, 0, setdistance, 16);
  36   3            dispaly_character(0, 1, setdistance);
  37   3            k = j;
  38   3          }
  39   2          /*set distance*/
  40   2          if (KeyNum == 13)
  41   2          {
  42   3            k++;
  43   3            if (k == 1)
  44   3            {
  45   4              for (i = 2; i < 5;)
  46   4              {
  47   5                KeyNum = MatrixKey();
  48   5                if (KeyNum < 10)
  49   5                {
  50   6      
  51   6                  setdistance[i] = number[KeyNum];
  52   6                  dispaly_character(0, 1, setdistance);
  53   6                  if (i == 0)
  54   6                  {
C51 COMPILER V9.54   MAIN                                                                  05/02/2021 15:55:08 PAGE 2   

  55   7                    lbaiwei = MatrixKey() * 100;
  56   7                  }
  57   6                  if (i == 1)
  58   6                  {
  59   7                    lshiwei = MatrixKey() * 10;
  60   7                  }
  61   6                  if (i == 2)
  62   6                  {
  63   7                    lgewei = MatrixKey();
  64   7                  }
  65   6                  leftnumber = lbaiwei + lshiwei + lgewei;
  66   6                  i++;
  67   6                }
  68   5              }
  69   4            }
  70   3      
  71   3            if (k == 2)
  72   3            {
  73   4              for (i = 7; i < 10;)
  74   4              {
  75   5                KeyNum = MatrixKey();
  76   5                if (KeyNum < 10)
  77   5                {
  78   6      
  79   6                  setdistance[i] = number[KeyNum];
  80   6                  dispaly_character(0, 1, setdistance);
  81   6                  if (i == 0)
  82   6                  {
  83   7                    fbaiwei = MatrixKey() * 100;
  84   7                  }
  85   6                  if (i == 1)
  86   6                  {
  87   7                    fshiwei = MatrixKey() * 10;
  88   7                  }
  89   6                  if (i == 2)
  90   6                  {
  91   7                    fgewei = MatrixKey();
  92   7                  }
  93   6                  frontnumber = fbaiwei + fshiwei + fgewei;
  94   6                  i++;
  95   6                }
  96   5              }
  97   4            }
  98   3      
  99   3            if (k == 3)
 100   3            {
 101   4              for (i = 12; i < 15;)
 102   4              {
 103   5                KeyNum = MatrixKey();
 104   5                if (KeyNum < 10)
 105   5                {
 106   6                  setdistance[i] = number[KeyNum];
 107   6                  dispaly_character(0, 1, setdistance);
 108   6                  if (i == 0)
 109   6                  {
 110   7                    rbaiwei = MatrixKey() * 100;
 111   7                  }
 112   6                  if (i == 1)
 113   6                  {
 114   7                    rshiwei = MatrixKey() * 10;
 115   7                  }
 116   6                  if (i == 2)
C51 COMPILER V9.54   MAIN                                                                  05/02/2021 15:55:08 PAGE 3   

 117   6                  {
 118   7                    rgewei = MatrixKey();
 119   7                  }
 120   6                  rightnumber = rbaiwei + rshiwei + rgewei;
 121   6                  i++;
 122   6                }
 123   5              }
 124   4              k = 0;
 125   4            }
 126   3      
 127   3      
 128   3      
 129   3      
 130   3          }
 131   2      
 132   2        }
 133   1        return 0;
 134   1      }
*** WARNING C316 IN LINE 134 OF main.c: unterminated conditionals
*** WARNING C294 IN LINE 133 OF main.c: unreachable code


MODULE INFORMATION:   STATIC OVERLAYABLE
   CODE SIZE        =    637    ----
   CONSTANT SIZE    =     79    ----
   XDATA SIZE       =   ----    ----
   PDATA SIZE       =   ----    ----
   DATA SIZE        =     50    ----
   IDATA SIZE       =   ----    ----
   BIT SIZE         =   ----    ----
END OF MODULE INFORMATION.


C51 COMPILATION COMPLETE.  2 WARNING(S),  0 ERROR(S)
