C51 COMPILER V9.60.0.0   HCSR04                                                            06/13/2021 16:01:15 PAGE 1   


C51 COMPILER V9.60.0.0, COMPILATION OF MODULE HCSR04
OBJECT MODULE PLACED IN .\Objects\hcsr04.obj
COMPILER INVOKED BY: C:\Keil_v5\C51\BIN\C51.EXE hcsr04.c OPTIMIZE(8,SPEED) BROWSE DEBUG OBJECTEXTEND PRINT(.\Listings\hc
                    -sr04.lst) TABS(2) OBJECT(.\Objects\hcsr04.obj)

line level    source

   1          #include <stdio.h>
   2          #include <REGX52.H>
   3          #include <QX_A11.h>
   4          #include <math.h>
   5          #include "delay.h"
   6          #include "s1602.h"
   7          #include "pwm.h"
   8          int i,j;
   9          extern int leftnumber, backnumber, rightnumber;
  10          extern float S1,S2,S3;
  11          unsigned char DisTempData[7];
  12          float  arr[5], temp;
  13          void Timer1_isr(void) interrupt 2
  14          {
  15   1        ECHOL = 0;
  16   1        ECHOB = 0;
  17   1        ECHOR = 0;
  18   1      }
  19          void TIM1init(void)
  20          {
  21   1        TMOD |= 0x10;
  22   1        TH1=0;
  23   1        TL1=0;
  24   1        ET1 = 1;
  25   1      }
  26          void rightdis()
  27          {
  28   1      /*one*/
  29   1          TRIGR = 1;
  30   1          DelayUs2x(10);
  31   1          TRIGR = 0;
  32   1          while (!ECHOR);
  33   1          TR1 = 1;
  34   1          while (ECHOR);
  35   1          TR1 = 0;
  36   1          S1 = TH1 * 256 + TL1;
  37   1          S1 = S1 / 58;
  38   1          arr[0] = S1;
  39   1          TH1 = 0;
  40   1          TL1 = 0;
  41   1          /*two*/
  42   1          TRIGR = 1;
  43   1          DelayUs2x(10);
  44   1          TRIGR = 0;
  45   1          while (!ECHOR);
  46   1          TR1 = 1;
  47   1          while (ECHOR);
  48   1          TR1 = 0;
  49   1          S1 = TH1 * 256 + TL1;
  50   1          S1 = S1 / 58;
  51   1          arr[1] = S1;
  52   1          TH1 = 0;
  53   1          TL1 = 0;
  54   1          /*third*/
C51 COMPILER V9.60.0.0   HCSR04                                                            06/13/2021 16:01:15 PAGE 2   

  55   1          TRIGR = 1;
  56   1          DelayUs2x(10);
  57   1          TRIGR = 0;
  58   1          while (!ECHOR);
  59   1          TR1 = 1;
  60   1          while (ECHOR);
  61   1          TR1 = 0;
  62   1          S1 = TH1 * 256 + TL1;
  63   1          S1 = S1 / 58;
  64   1          arr[2] = S1;
  65   1          TH1 = 0;
  66   1          TL1 = 0;
  67   1          /*four*/
  68   1          TRIGR = 1;
  69   1          DelayUs2x(10);
  70   1          TRIGR = 0;
  71   1          while (!ECHOR);
  72   1          TR1 = 1;
  73   1          while (ECHOR);
  74   1          TR1 = 0;
  75   1          S1 = TH1 * 256 + TL1;
  76   1          S1 = S1 / 58;
  77   1          arr[3] = S1;
  78   1          TH1 = 0;
  79   1          TL1 = 0;
  80   1          /*five*/
  81   1          TRIGR = 1;
  82   1          DelayUs2x(10);
  83   1          TRIGR = 0;
  84   1          while (!ECHOR);
  85   1          TR1 = 1;
  86   1          while (ECHOR);
  87   1          TR1 = 0;  
  88   1          S1 = TH1 * 256 + TL1;
  89   1          S1 = S1 / 58;
  90   1          arr[4] = S1;
  91   1          TH1 = 0;
  92   1          TL1 = 0;
  93   1          /*try*/
  94   1          for (i = 0; i < 5 - 1; i++)
  95   1            for (j = 0; j < 5 - 1 - i; j++)
  96   1              if (arr[j] > arr[j + 1])
  97   1              {
  98   2                temp = arr[j];
  99   2                arr[j] = arr[j + 1];
 100   2                arr[j + 1] = temp;
 101   2              }
 102   1          /*try*/
 103   1          S1 = ((arr[1] + arr[2] + arr[3]) / 3)*1.089;
 104   1          if (S1 < rightnumber)
 105   1          {
 106   2            SPK = 0;//防止一直给喇叭通电造成损坏
 107   2            DelayMs(200);
 108   2          }
 109   1          SPK = 1;
 110   1          if(S1<450)
 111   1          {
 112   2          sprintf(DisTempData, "R=%6.2f", S1);
 113   2          LCD_Write_String(0, 1, DisTempData);
 114   2          }
 115   1          else 
 116   1          {
C51 COMPILER V9.60.0.0   HCSR04                                                            06/13/2021 16:01:15 PAGE 3   

 117   2            LCD_Write_String(2, 1, "eerror");
 118   2          }
 119   1      
 120   1        
 121   1      }
 122          void leftdis()
 123          {
 124   1      /*one*/
 125   1          TRIGL = 1;
 126   1          DelayUs2x(10);
 127   1          TRIGL = 0;
 128   1          while (!ECHOL);
 129   1          TR1 = 1;
 130   1          while (ECHOL);
 131   1          TR1 = 0;
 132   1          S2 = TH1 * 256 + TL1;
 133   1          S2 = S2 /58 ;       //     58    ,  Y =(X *344)/2
 134   1          arr[0] = S2;       // X =( 2*Y )/344 -> X =0.0058*Y  ->   =  /58 
 135   1          TH1 = 0;
 136   1          TL1 = 0;
 137   1          /*two*/
 138   1          TRIGL = 1;
 139   1          DelayUs2x(10);
 140   1          TRIGL = 0;
 141   1          while (!ECHOL);
 142   1          TR1 = 1;
 143   1          while (ECHOL);
 144   1          TR1 = 0;
 145   1          S2 = TH1 * 256 + TL1;
 146   1          S2 = S2 / 58;       //     58    ,  Y =(X *344)/2
 147   1          arr[1] = S2;       // X =( 2*Y )/344 -> X =0.0058*Y  ->   =  /58 
 148   1          TH1 = 0;
 149   1          TL1 = 0;
 150   1          /*third*/
 151   1          TRIGL = 1;
 152   1          DelayUs2x(10);
 153   1          TRIGL = 0;
 154   1          while (!ECHOL);
 155   1          TR1 = 1;
 156   1          while (ECHOL);
 157   1          TR1 = 0;
 158   1          S2 = TH1 * 256 + TL1;
 159   1          S2 = S2 / 58;
 160   1          arr[2] = S2;
 161   1          TH1 = 0;
 162   1          TL1 = 0;
 163   1          /*four*/
 164   1          TRIGL = 1;
 165   1          DelayUs2x(10);
 166   1          TRIGL = 0;
 167   1          while (!ECHOL);
 168   1          TR1 = 1;
 169   1          while (ECHOL);
 170   1          TR1 = 0;
 171   1          S2 = TH1 * 256 + TL1;
 172   1          S2 = S2 / 58;
 173   1          arr[3] = S2;
 174   1          TH1 = 0;
 175   1          TL1 = 0;
 176   1          /*five*/
 177   1          TRIGL = 1;
 178   1          DelayUs2x(10);
C51 COMPILER V9.60.0.0   HCSR04                                                            06/13/2021 16:01:15 PAGE 4   

 179   1          TRIGL = 0;
 180   1          while (!ECHOL);
 181   1          TR1 = 1;
 182   1          while (ECHOL);
 183   1          TR1 = 0;
 184   1          S2 = TH1 * 256 + TL1;
 185   1          S2 = S2 / 58;
 186   1          arr[4] = S2;
 187   1          TH1 = 0;
 188   1          TL1 = 0;
 189   1      
 190   1          /*try*/
 191   1          for (i = 0; i < 5 - 1; i++)
 192   1            for (j = 0; j < 5 - 1 - i; j++)
 193   1              if (arr[j] > arr[j + 1])
 194   1              {
 195   2                temp = arr[j];
 196   2                arr[j] = arr[j + 1];
 197   2                arr[j + 1] = temp;
 198   2              }
 199   1          /*try*/
 200   1          S2 = ((arr[1] + arr[2] + arr[3]) / 3)*1.089;
 201   1          if (S2 < leftnumber)
 202   1          {
 203   2            
 204   2            SPK = 0;//防止一直给喇叭通电造成损坏
 205   2            DelayMs(200);
 206   2      
 207   2          }
 208   1          SPK = 1;
 209   1          if(S2<450)
 210   1          {
 211   2          sprintf(DisTempData, "L=%6.2f", S2);
 212   2          LCD_Write_String(8, 1, DisTempData);
 213   2          }
 214   1          else {LCD_Write_String(10, 1, "eerror");}
 215   1      
 216   1      }
 217          
 218          void backdis()
 219          {  
 220   1        /*one*/
 221   1          TRIGB = 1;
 222   1          DelayUs2x(10);
 223   1          TRIGB = 0;
 224   1          while (!ECHOB);
 225   1          TR1 = 1;
 226   1          while (ECHOB);
 227   1          TR1 = 0;
 228   1          S3 = TH1 * 256 + TL1;
 229   1          S3 = S3 / 58;       //     58    ,  Y =(X *344)/2
 230   1          arr[0] = S3;       // X =( 2*Y )/344 -> X =0.0058*Y  ->   =  /58 
 231   1          TH1 = 0;
 232   1          TL1 = 0;
 233   1          /*two*/
 234   1          TRIGB = 1;
 235   1          DelayUs2x(10);
 236   1          TRIGB = 0;
 237   1          while (!ECHOB);
 238   1          TR1 = 1;
 239   1          while (ECHOB);
 240   1          TR1 = 0;
C51 COMPILER V9.60.0.0   HCSR04                                                            06/13/2021 16:01:15 PAGE 5   

 241   1          S3 = TH1 * 256 + TL1;
 242   1          S3 = S3 / 58;       //     58    ,  Y =(X *344)/2
 243   1          arr[1] = S3;       // X =( 2*Y )/344 -> X =0.0058*Y  ->   =  /58 
 244   1          TH1 = 0;
 245   1          TL1 = 0;
 246   1          /*third*/
 247   1          TRIGB = 1;
 248   1          DelayUs2x(10);
 249   1          TRIGB = 0;
 250   1          while (!ECHOB);
 251   1          TR1 = 1;
 252   1          while (ECHOB);
 253   1          TR1 = 0;
 254   1          S3 = TH1 * 256 + TL1;
 255   1          S3 = S3 / 58;       //     58    ,  Y =(X *344)/2
 256   1          arr[2] = S3;       // X =( 2*Y )/344 -> X =0.0058*Y  ->   =  /58 
 257   1          TH1 = 0;
 258   1          TL1 = 0;
 259   1          /*four*/
 260   1          TRIGB = 1;
 261   1          DelayUs2x(10);
 262   1          TRIGB = 0;
 263   1          while (!ECHOB);
 264   1          TR1 = 1;
 265   1          while (ECHOB);
 266   1          TR1 = 0;
 267   1          S3 = TH1 * 256 + TL1;
 268   1          S3 = S3 / 58;       //     58    ,  Y =(X *344)/2
 269   1          arr[3] = S3;       // X =( 2*Y )/344 -> X =0.0058*Y  ->   =  /58 
 270   1          TH1 = 0;
 271   1          TL1 = 0;
 272   1          /*five*/
 273   1          TRIGB = 1;
 274   1          DelayUs2x(10);
 275   1          TRIGB = 0;
 276   1          while (!ECHOB);
 277   1          TR1 = 1;
 278   1          while (ECHOB);
 279   1          TR1 = 0;
 280   1          S3 = TH1 * 256 + TL1;
 281   1          S3 = S3 / 58;       //     58    ,  Y =(X *344)/2
 282   1          arr[4] = S3;       // X =( 2*Y )/344 -> X =0.0058*Y  ->   =  /58 
 283   1          TH1 = 0;
 284   1          TL1 = 0;
 285   1          /*try*/
 286   1          for (i = 0; i < 5 - 1; i++)
 287   1            for (j = 0; j < 5 - 1 - i; j++)
 288   1              if (arr[j] > arr[j + 1])
 289   1              {
 290   2                temp = arr[j];
 291   2                arr[j] = arr[j + 1];
 292   2                arr[j + 1] = temp;
 293   2              }
 294   1          /*try*/
 295   1          S3 = ((arr[1] + arr[2] + arr[3]) / 3)*1.089;
 296   1          if (S3 < backnumber)
 297   1          {
 298   2            
 299   2            SPK = 0;//防止一直给喇叭通电造成损坏
 300   2            DelayMs(200);
 301   2            
 302   2          }
C51 COMPILER V9.60.0.0   HCSR04                                                            06/13/2021 16:01:15 PAGE 6   

 303   1          SPK = 1;
 304   1          if(S3<450)
 305   1          {
 306   2          sprintf(DisTempData, "B=%6.2f", S3);
 307   2          LCD_Write_String(4, 0, DisTempData);
 308   2          }
 309   1          else {LCD_Write_String(6, 0, "eerror");}
 310   1      }
 311          void hcsr04()
 312          { 
 313   1        /*------------------------------------------------
 314   1                右方
 315   1        ------------------------------------------------*/
 316   1        rightdis();
 317   1        rpwm();
 318   1        /*------------------------------------------------
 319   1              左方
 320   1        ------------------------------------------------*/
 321   1        leftdis();
 322   1        lpwm();
 323   1        /*------------------------------------------------
 324   1                后方
 325   1        ------------------------------------------------*/
 326   1        backdis();
 327   1        bpwm(); 
 328   1      }


MODULE INFORMATION:   STATIC OVERLAYABLE
   CODE SIZE        =   2142    ----
   CONSTANT SIZE    =     31    ----
   XDATA SIZE       =   ----    ----
   PDATA SIZE       =   ----    ----
   DATA SIZE        =     35    ----
   IDATA SIZE       =   ----    ----
   BIT SIZE         =   ----    ----
END OF MODULE INFORMATION.


C51 COMPILATION COMPLETE.  0 WARNING(S),  0 ERROR(S)
