C51 COMPILER V9.60.0.0   MAIN                                                              06/29/2021 21:14:57 PAGE 1   


C51 COMPILER V9.60.0.0, COMPILATION OF MODULE MAIN
OBJECT MODULE PLACED IN .\Objects\main.obj
COMPILER INVOKED BY: D:\Program Files\tools\Keil_v5\C51\BIN\C51.EXE main.c OPTIMIZE(8,SPEED) BROWSE DEBUG OBJECTEXTEND P
                    -RINT(.\Listings\main.lst) TABS(2) OBJECT(.\Objects\main.obj)

line level    source

   1          #include <REGX52.H>
   2          #include "conf.h"
   3          
   4          /*------------------------------------------------
   5                  主函数
   6          ------------------------------------------------*/
   7          void main()
   8          { 
   9   1        
  10   1        Timer0Init();/*pwm电机控制*/
  11   1        LCD_Init();  /*1602初始化*/
  12   1        TIM1init();  /*·超声波定时器1初始化*/
  13   1        while (1)
  14   1        {
  15   2          keydous();
  16   2          hcsr04();
  17   2        }
  18   1      }


MODULE INFORMATION:   STATIC OVERLAYABLE
   CODE SIZE        =     17    ----
   CONSTANT SIZE    =   ----    ----
   XDATA SIZE       =   ----    ----
   PDATA SIZE       =   ----    ----
   DATA SIZE        =   ----    ----
   IDATA SIZE       =   ----    ----
   BIT SIZE         =   ----    ----
END OF MODULE INFORMATION.


C51 COMPILATION COMPLETE.  0 WARNING(S),  0 ERROR(S)
