C51 COMPILER V9.54   MAIN                                                                  05/11/2021 17:10:56 PAGE 1   


C51 COMPILER V9.54, COMPILATION OF MODULE MAIN
OBJECT MODULE PLACED IN .\OBJ\main.obj
COMPILER INVOKED BY: C:\Program Files (x86)\Keil_v5\C51\BIN\C51.EXE main.c OPTIMIZE(8,SPEED) BROWSE DEBUG OBJECTEXTEND P
                    -RINT(.\LIST\main.lst) TABS(2) OBJECT(.\OBJ\main.obj)

line level    source

   1          #include <reg52.h>
   2          #include <stdio.h>
   3          #include <math.h>
   4          #include "1602.h"
   5          #include "delay.h"
   6          #include "string.h"
   7          #include "MatrixKey.h"
   8          sbit TRIGL = P2 ^ 0;
   9          sbit ECHOL = P2 ^ 1;
  10          sbit TRIGB = P3 ^ 4;
  11          sbit ECHOB = P3 ^ 5;
  12          sbit TRIGR = P3 ^ 6;
  13          sbit ECHOR = P3 ^ 7;
  14          sbit SPK = P2 ^ 2;
  15          unsigned char DisTempData[7];
  16          unsigned char code studentid[]="0123456789";
  17          float S, arr[9], temp;
  18          int leftnumber=0, backnumber=0, rightnumber=0;
  19          int i, k=0, j, KeyNum = 10;
  20          /*------------------------------------------------
  21                     主函数
  22          ------------------------------------------------*/
  23          void TIM1init(void)
  24          {
  25   1      
  26   1        TMOD |= 0x10;
  27   1        TH1 = 0x00;
  28   1        TL1 = 0x00;
  29   1        ET1 = 1;
  30   1        EA = 1;
  31   1      }
  32          /*------------------------------------------------
  33                  主函数
  34          ------------------------------------------------*/
  35          main()
  36          {
  37   1        TIM1init();
  38   1        LCD_Init();
  39   1        while (1)
  40   1        {
  41   2      
  42   2          /*蜂鸣器警戒值输入*/
  43   2          while (k <= 3)
  44   2          {
  45   3            if (k == 0)
  46   3            {
  47   4                LCD_Write_String(0, 1, " L___ B___ R___ ");
  48   4            }
  49   3            LCD_Write_String(0, 0, "   input dist   ");
  50   3            KeyNum = MatrixKey();
  51   3            if (KeyNum == 13)
  52   3            {
  53   4              k++;
  54   4              if (k == 1)
C51 COMPILER V9.54   MAIN                                                                  05/11/2021 17:10:56 PAGE 2   

  55   4              {
  56   5                for (i = 2; i < 5;)
  57   5                {
  58   6                  KeyNum = MatrixKey();
  59   6                  if(i==2)
  60   6                  {
  61   7                  if(KeyNum>0&&KeyNum<10)
  62   7                  {
  63   8                  leftnumber+=(KeyNum*100);
  64   8                  }
  65   7                  }
  66   6                  if(i==3)
  67   6                  {
  68   7                  if(KeyNum>0&&KeyNum<10)
  69   7                  {
  70   8                  leftnumber+=(KeyNum*10);
  71   8                  }
  72   7                  }
  73   6                  if(i==4)
  74   6                  {
  75   7                  if(KeyNum>0&&KeyNum<10)
  76   7                  {
  77   8                  leftnumber+=(KeyNum);
  78   8                  }
  79   7                  }
  80   6                  if (KeyNum < 10)
  81   6                  {
  82   7                    
  83   7                    LCD_Write_Char(i, 1, studentid[KeyNum]);
  84   7                    i++;
  85   7                  }
  86   6                  DelayMs(50);
  87   6              
  88   6                }
  89   5              }
  90   4              if (k == 2)
  91   4              {
  92   5                for (i = 7; i < 10; )
  93   5                {
  94   6                  KeyNum = MatrixKey();
  95   6                  if(i==7)
  96   6                  {
  97   7                  if(KeyNum>0&&KeyNum<10)
  98   7                  {
  99   8                  backnumber+=(KeyNum*100);
 100   8                  }
 101   7                  }
 102   6                  if(i==8)
 103   6                  {
 104   7                  if(KeyNum>0&&KeyNum<10)
 105   7                  {
 106   8                  backnumber+=(KeyNum*10);
 107   8                  }
 108   7                  }
 109   6                  if(i==9)
 110   6                  {
 111   7                  if(KeyNum>0&&KeyNum<10)
 112   7                  {
 113   8                  backnumber+=(KeyNum);
 114   8                  }
 115   7                  }
 116   6                  if (KeyNum < 10)
C51 COMPILER V9.54   MAIN                                                                  05/11/2021 17:10:56 PAGE 3   

 117   6                  {
 118   7                    LCD_Write_Char(i, 1, studentid[KeyNum]);
 119   7                    i++;
 120   7                  }
 121   6                  DelayMs(50);
 122   6                }
 123   5              }
 124   4              if (k == 3)
 125   4              {
 126   5                k=4;
 127   5                for (i = 12; i < 15; )
 128   5                {
 129   6                  KeyNum = MatrixKey();
 130   6                  if(i==12)
 131   6                  {
 132   7                  if(KeyNum>0&&KeyNum<10)
 133   7                  {
 134   8                  rightnumber+=(KeyNum*100);
 135   8                  }
 136   7                  }
 137   6                  if(i==13)
 138   6                  {
 139   7                  if(KeyNum>0&&KeyNum<10)
 140   7                  {
 141   8                  rightnumber+=(KeyNum*10);
 142   8                  }
 143   7                  }
 144   6                  if(i==14)
 145   6                  {
 146   7                  if(KeyNum>0&&KeyNum<10)
 147   7                  {
 148   8                  rightnumber+=(KeyNum);
 149   8                  }
 150   7                  }
 151   6                  if (KeyNum < 10)
 152   6                  {
 153   7                    LCD_Write_Char(i, 1, studentid[KeyNum]);
 154   7                    i++;
 155   7                  }
 156   6                  DelayMs(50);
 157   6                }
 158   5      
 159   5                LCD_Write_String(0, 0, "                ");
 160   5              }
 161   4            }
 162   3          }
 163   2        
 164   2          
 165   2          /*------------------------------------------------
 166   2                  右方
 167   2          ------------------------------------------------*/
 168   2          if (1)
 169   2          {
 170   3            /*one*/
 171   3            TRIGR = 1;
 172   3            DelayUs2x(10);
 173   3            TRIGR = 0;
 174   3            while (!ECHOR);
 175   3            TR1 = 1;
 176   3            while (ECHOR);
 177   3            TR1 = 0;
 178   3            S = TH1 * 256 + TL1;
C51 COMPILER V9.54   MAIN                                                                  05/11/2021 17:10:56 PAGE 4   

 179   3            S = S / 58;
 180   3            arr[0] = S;
 181   3            TH1 = 0;
 182   3            TL1 = 0;
 183   3            /*two*/
 184   3            TRIGR = 1;
 185   3            DelayUs2x(10);
 186   3            TRIGR = 0;
 187   3            while (!ECHOR);
 188   3            TR1 = 1;
 189   3            while (ECHOR);
 190   3            TR1 = 0;
 191   3            S = TH1 * 256 + TL1;
 192   3            S = S / 58;
 193   3            arr[1] = S;
 194   3            TH1 = 0;
 195   3            TL1 = 0;
 196   3            /*third*/
 197   3            TRIGR = 1;
 198   3            DelayUs2x(10);
 199   3            TRIGR = 0;
 200   3            while (!ECHOR);
 201   3            TR1 = 1;
 202   3            while (ECHOR);
 203   3            TR1 = 0;
 204   3            S = TH1 * 256 + TL1;
 205   3            S = S / 58;
 206   3            arr[2] = S;
 207   3            TH1 = 0;
 208   3            TL1 = 0;
 209   3            /*four*/
 210   3            TRIGR = 1;
 211   3            DelayUs2x(10);
 212   3            TRIGR = 0;
 213   3            while (!ECHOR);
 214   3            TR1 = 1;
 215   3            while (ECHOR);
 216   3            TR1 = 0;
 217   3            S = TH1 * 256 + TL1;
 218   3            S = S / 58;
 219   3            arr[3] = S;
 220   3            TH1 = 0;
 221   3            TL1 = 0;
 222   3            /*five*/
 223   3            TRIGR = 1;
 224   3            DelayUs2x(10);
 225   3            TRIGR = 0;
 226   3            while (!ECHOR);
 227   3            TR1 = 1;
 228   3            while (ECHOR);
 229   3            TR1 = 0;
 230   3            S = TH1 * 256 + TL1;
 231   3            S = S / 58;
 232   3            arr[4] = S;
 233   3            TH1 = 0;
 234   3            TL1 = 0;
 235   3            /*SIX*/
 236   3            TRIGR = 1;
 237   3            DelayUs2x(10);
 238   3            TRIGR = 0;
 239   3            while (!ECHOR);
 240   3            TR1 = 1;
C51 COMPILER V9.54   MAIN                                                                  05/11/2021 17:10:56 PAGE 5   

 241   3            while (ECHOR);
 242   3            TR1 = 0;
 243   3            S = TH1 * 256 + TL1;
 244   3            S = S / 58;       //     58    ,  Y =(X *344)/2
 245   3            arr[5] = S;      // X =( 2*Y )/344 -> X =0.0058*Y  ->   =  /58 
 246   3            TH1 = 0;
 247   3            TL1 = 0;
 248   3            /*SEVEN*/
 249   3            TRIGR = 1;
 250   3            DelayUs2x(10);
 251   3            TRIGR = 0;
 252   3            while (!ECHOR);
 253   3            TR1 = 1;
 254   3            while (ECHOR);
 255   3            TR1 = 0;
 256   3            S = TH1 * 256 + TL1;
 257   3            S = S / 58;       //     58    ,  Y =(X *344)/2
 258   3            arr[6] = S;      // X =( 2*Y )/344 -> X =0.0058*Y  ->   =  /58 
 259   3            TH1 = 0;
 260   3            TL1 = 0;
 261   3            /*EIGHT*/
 262   3            TRIGR = 1;
 263   3            DelayUs2x(10);
 264   3            TRIGR = 0;
 265   3            while (!ECHOR);
 266   3            TR1 = 1;
 267   3            while (ECHOR);
 268   3            TR1 = 0;
 269   3            S = TH1 * 256 + TL1;
 270   3            S = S / 58;       //     58    ,  Y =(X *344)/2
 271   3            arr[7] = S;      // X =( 2*Y )/344 -> X =0.0058*Y  ->   =  /58 
 272   3            TH1 = 0;
 273   3            TL1 = 0;
 274   3            /*NINE*/
 275   3            TRIGR = 1;
 276   3            DelayUs2x(10);
 277   3            TRIGR = 0;
 278   3            while (!ECHOR);
 279   3            TR1 = 1;
 280   3            while (ECHOR);
 281   3            TR1 = 0;
 282   3            S = TH1 * 256 + TL1;
 283   3            S = S / 58;       //     58    ,  Y =(X *344)/2
 284   3            arr[8] = S;      // X =( 2*Y )/344 -> X =0.0058*Y  ->   =  /58 
 285   3            TH1 = 0;
 286   3            TL1 = 0;
 287   3            /*TEN*/
 288   3            TRIGR = 1;
 289   3            DelayUs2x(10);
 290   3            TRIGR = 0;
 291   3            while (!ECHOR);
 292   3            TR1 = 1;
 293   3            while (ECHOR);
 294   3            TR1 = 0;
 295   3            S = TH1 * 256 + TL1;
 296   3            S = S / 58;       //     58    ,  Y =(X *344)/2
 297   3            arr[9] = S;      // X =( 2*Y )/344 -> X =0.0058*Y  ->   =  /58 
 298   3            TH1 = 0;
 299   3            TL1 = 0;
 300   3            /*try*/
 301   3      
 302   3            for (i = 0; i < 10 - 1; i++)
C51 COMPILER V9.54   MAIN                                                                  05/11/2021 17:10:56 PAGE 6   

 303   3              for (j = 0; j < 10 - 1 - i; j++)
 304   3                if (arr[j] > arr[j + 1])
 305   3                {
 306   4                  temp = arr[j];
 307   4                  arr[j] = arr[j + 1];
 308   4                  arr[j + 1] = temp;
 309   4                }
 310   3            /*try*/
 311   3            S = ((arr[1] + arr[2] + arr[3] + arr[4] + arr[5] + arr[6] + arr[7] + arr[8]) / 8);
 312   3            temp=rightnumber;
 313   3            if (S < temp)
 314   3            {
 315   4              
 316   4            SPK = 0;//防止一直给喇叭通电造成损坏
 317   4            DelayMs(250);
 318   4              
 319   4            }
 320   3            SPK = 1;
 321   3            sprintf(DisTempData, "R=%6.2f",S);
 322   3            LCD_Write_String(0, 1, DisTempData);
 323   3          }
 324   2          /*------------------------------------------------
 325   2                左方
 326   2          ------------------------------------------------*/
 327   2          if (1)
 328   2          {
 329   3            /*one*/
 330   3            TRIGL = 1;
 331   3            DelayUs2x(10);
 332   3            TRIGL = 0;
 333   3            while (!ECHOL);
 334   3            TR1 = 1;
 335   3            while (ECHOL);
 336   3            TR1 = 0;
 337   3            S = TH1 * 256 + TL1;
 338   3            S = S / 58;       //     58    ,  Y =(X *344)/2
 339   3            arr[0] = S;      // X =( 2*Y )/344 -> X =0.0058*Y  ->   =  /58 
 340   3            TH1 = 0;
 341   3            TL1 = 0;
 342   3            /*two*/
 343   3            TRIGL = 1;
 344   3            DelayUs2x(10);
 345   3            TRIGL = 0;
 346   3            while (!ECHOL);
 347   3            TR1 = 1;
 348   3            while (ECHOL);
 349   3            TR1 = 0;
 350   3            S = TH1 * 256 + TL1;
 351   3            S = S / 58;       //     58    ,  Y =(X *344)/2
 352   3            arr[1] = S;      // X =( 2*Y )/344 -> X =0.0058*Y  ->   =  /58 
 353   3            TH1 = 0;
 354   3            TL1 = 0;
 355   3            /*third*/
 356   3            TRIGL = 1;
 357   3            DelayUs2x(10);
 358   3            TRIGL = 0;
 359   3            while (!ECHOL);
 360   3            TR1 = 1;
 361   3            while (ECHOL);
 362   3            TR1 = 0;
 363   3            S = TH1 * 256 + TL1;
 364   3            S = S / 58;
C51 COMPILER V9.54   MAIN                                                                  05/11/2021 17:10:56 PAGE 7   

 365   3            arr[2] = S;
 366   3            TH1 = 0;
 367   3            TL1 = 0;
 368   3            /*four*/
 369   3            TRIGL = 1;
 370   3            DelayUs2x(10);
 371   3            TRIGL = 0;
 372   3            while (!ECHOL);
 373   3            TR1 = 1;
 374   3            while (ECHOL);
 375   3            TR1 = 0;
 376   3            S = TH1 * 256 + TL1;
 377   3            S = S / 58;
 378   3            arr[3] = S;
 379   3            TH1 = 0;
 380   3            TL1 = 0;
 381   3            /*five*/
 382   3            TRIGL = 1;
 383   3            DelayUs2x(10);
 384   3            TRIGL = 0;
 385   3            while (!ECHOL);
 386   3            TR1 = 1;
 387   3            while (ECHOL);
 388   3            TR1 = 0;
 389   3            S = TH1 * 256 + TL1;
 390   3            S = S / 58;
 391   3            arr[4] = S;
 392   3            TH1 = 0;
 393   3            TL1 = 0;
 394   3            /*SIX*/
 395   3            TRIGL = 1;
 396   3            DelayUs2x(10);
 397   3            TRIGL = 0;
 398   3            while (!ECHOL);
 399   3            TR1 = 1;
 400   3            while (ECHOL);
 401   3            TR1 = 0;
 402   3            S = TH1 * 256 + TL1;
 403   3            S = S / 58;       //     58    ,  Y =(X *344)/2
 404   3            arr[5] = S;      // X =( 2*Y )/344 -> X =0.0058*Y  ->   =  /58 
 405   3            TH1 = 0;
 406   3            TL1 = 0;
 407   3            /*SEVEN*/
 408   3            TRIGL = 1;
 409   3            DelayUs2x(10);
 410   3            TRIGL = 0;
 411   3            while (!ECHOL);
 412   3            TR1 = 1;
 413   3            while (ECHOL);
 414   3            TR1 = 0;
 415   3            S = TH1 * 256 + TL1;
 416   3            S = S / 58;
 417   3            arr[6] = S;
 418   3            TH1 = 0;
 419   3            TL1 = 0;
 420   3            /*EIGHT*/
 421   3            TRIGL = 1;
 422   3            DelayUs2x(10);
 423   3            TRIGL = 0;
 424   3            while (!ECHOL);
 425   3            TR1 = 1;
 426   3            while (ECHOL);
C51 COMPILER V9.54   MAIN                                                                  05/11/2021 17:10:56 PAGE 8   

 427   3            TR1 = 0;
 428   3            S = TH1 * 256 + TL1;
 429   3            S = S / 58;
 430   3            arr[7] = S;
 431   3            TH1 = 0;
 432   3            TL1 = 0;
 433   3            /*NINE*/
 434   3            TRIGL = 1;
 435   3            DelayUs2x(10);
 436   3            TRIGL = 0;
 437   3            while (!ECHOL);
 438   3            TR1 = 1;
 439   3            while (ECHOL);
 440   3            TR1 = 0;
 441   3            S = TH1 * 256 + TL1;
 442   3            S = S / 58;
 443   3            arr[8] = S;
 444   3            TH1 = 0;
 445   3            TL1 = 0;
 446   3            /*TEN*/
 447   3            TRIGL = 1;
 448   3            DelayUs2x(10);
 449   3            TRIGL = 0;
 450   3            while (!ECHOL);
 451   3            TR1 = 1;
 452   3            while (ECHOL);
 453   3            TR1 = 0;
 454   3            S = TH1 * 256 + TL1;
 455   3            S = S / 58;
 456   3            arr[9] = S;
 457   3            TH1 = 0;
 458   3            TL1 = 0;
 459   3            /*try*/
 460   3            for (i = 0; i < 10 - 1; i++)
 461   3              for (j = 0; j < 10 - 1 - i; j++)
 462   3                if (arr[j] > arr[j + 1])
 463   3                {
 464   4                  temp = arr[j];
 465   4                  arr[j] = arr[j + 1];
 466   4                  arr[j + 1] = temp;
 467   4                }
 468   3            /*try*/
 469   3            S = ((arr[1] + arr[2] + arr[3] + arr[4] + arr[5] + arr[6] + arr[7] + arr[8]) / 8);
 470   3            temp=leftnumber;
 471   3            if (S < temp)
 472   3            {
 473   4              
 474   4            SPK = 0;//防止一直给喇叭通电造成损坏
 475   4            DelayMs(250);
 476   4              
 477   4            }
 478   3            SPK = 1;
 479   3            sprintf(DisTempData,"L=%6.2f", S);
 480   3            LCD_Write_String(8, 1, DisTempData);
 481   3          }
 482   2          /*------------------------------------------------
 483   2                  后方
 484   2          ------------------------------------------------*/
 485   2          if (1)
 486   2          {
 487   3            TRIGB = 1;
 488   3            DelayUs2x(10);
C51 COMPILER V9.54   MAIN                                                                  05/11/2021 17:10:56 PAGE 9   

 489   3            TRIGB = 0;
 490   3            while (!ECHOB);
 491   3            TR1 = 1;
 492   3            while (ECHOB);
 493   3            TR1 = 0;
 494   3            S = TH1 * 256 + TL1;
 495   3            S = S / 58;       //     58    ,  Y =(X *344)/2
 496   3            arr[0] = S;      // X =( 2*Y )/344 -> X =0.0058*Y  ->   =  /58 
 497   3            TH1 = 0;
 498   3            TL1 = 0;
 499   3            /*two*/
 500   3            TRIGB = 1;
 501   3            DelayUs2x(10);
 502   3            TRIGB = 0;
 503   3            while (!ECHOB);
 504   3            TR1 = 1;
 505   3            while (ECHOB);
 506   3            TR1 = 0;
 507   3            S = TH1 * 256 + TL1;
 508   3            S = S / 58;       //     58    ,  Y =(X *344)/2
 509   3            arr[1] = S;      // X =( 2*Y )/344 -> X =0.0058*Y  ->   =  /58 
 510   3            TH1 = 0;
 511   3            TL1 = 0;
 512   3            /*third*/
 513   3            TRIGB = 1;
 514   3            DelayUs2x(10);
 515   3            TRIGB = 0;
 516   3            while (!ECHOB);
 517   3            TR1 = 1;
 518   3            while (ECHOB);
 519   3            TR1 = 0;
 520   3            S = TH1 * 256 + TL1;
 521   3            S = S / 58;       //     58    ,  Y =(X *344)/2
 522   3            arr[2] = S;      // X =( 2*Y )/344 -> X =0.0058*Y  ->   =  /58 
 523   3            TH1 = 0;
 524   3            TL1 = 0;
 525   3            /*four*/
 526   3            TRIGB = 1;
 527   3            DelayUs2x(10);
 528   3            TRIGB = 0;
 529   3            while (!ECHOB);
 530   3            TR1 = 1;
 531   3            while (ECHOB);
 532   3            TR1 = 0;
 533   3            S = TH1 * 256 + TL1;
 534   3            S = S / 58;       //     58    ,  Y =(X *344)/2
 535   3            arr[3] = S;      // X =( 2*Y )/344 -> X =0.0058*Y  ->   =  /58 
 536   3            TH1 = 0;
 537   3            TL1 = 0;
 538   3            /*five*/
 539   3            TRIGB = 1;
 540   3            DelayUs2x(10);
 541   3            TRIGB = 0;
 542   3            while (!ECHOB);
 543   3            TR1 = 1;
 544   3            while (ECHOB);
 545   3            TR1 = 0;
 546   3            S = TH1 * 256 + TL1;
 547   3            S = S / 58;       //     58    ,  Y =(X *344)/2
 548   3            arr[4] = S;      // X =( 2*Y )/344 -> X =0.0058*Y  ->   =  /58 
 549   3            TH1 = 0;
 550   3            TL1 = 0;
C51 COMPILER V9.54   MAIN                                                                  05/11/2021 17:10:56 PAGE 10  

 551   3            /*SIX*/
 552   3            TRIGB = 1;
 553   3            DelayUs2x(10);
 554   3            TRIGB = 0;
 555   3            while (!ECHOB);
 556   3            TR1 = 1;
 557   3            while (ECHOB);
 558   3            TR1 = 0;
 559   3            S = TH1 * 256 + TL1;
 560   3            S = S / 58;       //     58    ,  Y =(X *344)/2
 561   3            arr[5] = S;      // X =( 2*Y )/344 -> X =0.0058*Y  ->   =  /58 
 562   3            TH1 = 0;
 563   3            TL1 = 0;
 564   3            /*SEVEN*/
 565   3            TRIGB = 1;
 566   3            DelayUs2x(10);
 567   3            TRIGB = 0;
 568   3            while (!ECHOB);
 569   3            TR1 = 1;
 570   3            while (ECHOB);
 571   3            TR1 = 0;
 572   3            S = TH1 * 256 + TL1;
 573   3            S = S / 58;       //     58    ,  Y =(X *344)/2
 574   3            arr[6] = S;      // X =( 2*Y )/344 -> X =0.0058*Y  ->   =  /58 
 575   3            TH1 = 0;
 576   3            TL1 = 0;
 577   3            /*EIGHT*/
 578   3            TRIGB = 1;
 579   3            DelayUs2x(10);
 580   3            TRIGB = 0;
 581   3            while (!ECHOB);
 582   3            TR1 = 1;
 583   3            while (ECHOB);
 584   3            TR1 = 0;
 585   3            S = TH1 * 256 + TL1;
 586   3            S = S / 58;       //     58    ,  Y =(X *344)/2
 587   3            arr[7] = S;      // X =( 2*Y )/344 -> X =0.0058*Y  ->   =  /58 
 588   3            TH1 = 0;
 589   3            TL1 = 0;
 590   3            /*NINE*/
 591   3            TRIGB = 1;
 592   3            DelayUs2x(10);
 593   3            TRIGB = 0;
 594   3            while (!ECHOB);
 595   3            TR1 = 1;
 596   3            while (ECHOB);
 597   3            TR1 = 0;
 598   3            S = TH1 * 256 + TL1;
 599   3            S = S / 58;       //     58    ,  Y =(X *344)/2
 600   3            arr[8] = S;      // X =( 2*Y )/344 -> X =0.0058*Y  ->   =  /58 
 601   3            TH1 = 0;
 602   3            TL1 = 0;
 603   3            /*TEN*/
 604   3            TRIGB = 1;
 605   3            DelayUs2x(10);
 606   3            TRIGB = 0;
 607   3            while (!ECHOB);
 608   3            TR1 = 1;
 609   3            while (ECHOB);
 610   3            TR1 = 0;
 611   3            S = TH1 * 256 + TL1;
 612   3            S = S / 58;       //     58    ,  Y =(X *344)/2
C51 COMPILER V9.54   MAIN                                                                  05/11/2021 17:10:56 PAGE 11  

 613   3            arr[9] = S;      // X =( 2*Y )/344 -> X =0.0058*Y  ->   =  /58 
 614   3            TH1 = 0;
 615   3            TL1 = 0;
 616   3            /*try*/
 617   3            for (i = 0; i < 10 - 1; i++)
 618   3              for (j = 0; j < 10 - 1 - i; j++)
 619   3                if (arr[j] > arr[j + 1])
 620   3                {
 621   4                  temp = arr[j];
 622   4                  arr[j] = arr[j + 1];
 623   4                  arr[j + 1] = temp;
 624   4                }
 625   3            /*try*/
 626   3            S = ((arr[1] + arr[2] + arr[3] + arr[4] + arr[5] + arr[6] + arr[7] + arr[8]) / 8);
 627   3            temp=backnumber;
 628   3            if (S < temp)
 629   3            {
 630   4              
 631   4            SPK = 0;//防止一直给喇叭通电造成损坏
 632   4            DelayMs(250);
 633   4              
 634   4            }
 635   3            SPK = 1;
 636   3            sprintf(DisTempData, "B=%6.2f", S);
 637   3            LCD_Write_String(4, 0, DisTempData);
 638   3      
 639   3          }
 640   2        }
 641   1      }
 642          
 643          /*------------------------------------------------
 644                   中断
 645          ------------------------------------------------*/
 646          void Timer0_isr(void) interrupt 2
 647          {
 648   1        ECHOL = 0;
 649   1        ECHOB = 0;
 650   1        ECHOR = 0;
 651   1      }


MODULE INFORMATION:   STATIC OVERLAYABLE
   CODE SIZE        =   4143    ----
   CONSTANT SIZE    =     86    ----
   XDATA SIZE       =   ----    ----
   PDATA SIZE       =   ----    ----
   DATA SIZE        =     65    ----
   IDATA SIZE       =   ----    ----
   BIT SIZE         =   ----    ----
END OF MODULE INFORMATION.


C51 COMPILATION COMPLETE.  0 WARNING(S),  0 ERROR(S)
