C51 COMPILER V9.54   MAIN                                                                  05/12/2021 10:31:12 PAGE 1   


C51 COMPILER V9.54, COMPILATION OF MODULE MAIN
OBJECT MODULE PLACED IN .\OBJ\main.obj
COMPILER INVOKED BY: C:\Program Files (x86)\Keil_v5\C51\BIN\C51.EXE main.c OPTIMIZE(8,SPEED) BROWSE DEBUG OBJECTEXTEND P
                    -RINT(.\LIST\main.lst) TABS(2) OBJECT(.\OBJ\main.obj)

line level    source

   1          #include <reg52.h>
   2          #include <stdio.h>
   3          #include <math.h>
   4          #include "1602.h"
   5          #include "delay.h"
   6          #include "string.h"
   7          #include "MatrixKey.h"
   8          sbit TRIGL = P2 ^ 0;
   9          sbit ECHOL = P2 ^ 1;
  10          sbit TRIGB = P3 ^ 4;
  11          sbit ECHOB = P3 ^ 5;
  12          sbit TRIGR = P3 ^ 6;
  13          sbit ECHOR = P3 ^ 7;
  14          sbit SPK = P2 ^ 2;
  15          unsigned char DisTempData[7];
  16          unsigned char code studentid[]="0123456789";
  17          float S, arr[5], temp;
  18          int leftnumber=0, backnumber=0, rightnumber=0;
  19          int i, k=0, j, KeyNum = 10;
  20          /*------------------------------------------------
  21                     主函数
  22          ------------------------------------------------*/
  23          void TIM1init(void)
  24          {
  25   1      
  26   1        TMOD |= 0x10;
  27   1        TH1 = 0x00;
  28   1        TL1 = 0x00;
  29   1        ET1 = 1;
  30   1        EA = 1;
  31   1      }
  32          /*------------------------------------------------
  33                  主函数
  34          ------------------------------------------------*/
  35          main()
  36          {
  37   1        TIM1init();
  38   1        LCD_Init();
  39   1        while (1)
  40   1        {
  41   2      
  42   2          /*蜂鸣器警戒值输入*/
  43   2          while (k <= 3)
  44   2          {
  45   3            if (k == 0)
  46   3            {
  47   4                LCD_Write_String(0, 1, " L___ B___ R___ ");
  48   4            }
  49   3            LCD_Write_String(0, 0, "   input dist   ");
  50   3            KeyNum = MatrixKey();
  51   3            if (KeyNum == 13)
  52   3            {
  53   4              k++;
  54   4              if (k == 1)
C51 COMPILER V9.54   MAIN                                                                  05/12/2021 10:31:12 PAGE 2   

  55   4              {
  56   5                for (i = 2; i < 5;)
  57   5                {
  58   6                  KeyNum = MatrixKey();
  59   6                  if(i==2)
  60   6                  {
  61   7                  if(KeyNum>0&&KeyNum<10)
  62   7                  {
  63   8                  leftnumber+=(KeyNum*100);
  64   8                  }
  65   7                  }
  66   6                  if(i==3)
  67   6                  {
  68   7                  if(KeyNum>0&&KeyNum<10)
  69   7                  {
  70   8                  leftnumber+=(KeyNum*10);
  71   8                  }
  72   7                  }
  73   6                  if(i==4)
  74   6                  {
  75   7                  if(KeyNum>0&&KeyNum<10)
  76   7                  {
  77   8                  leftnumber+=(KeyNum);
  78   8                  }
  79   7                  }
  80   6                  if (KeyNum < 10)
  81   6                  {
  82   7                    
  83   7                    LCD_Write_Char(i, 1, studentid[KeyNum]);
  84   7                    i++;
  85   7                  }
  86   6                  DelayMs(50);
  87   6              
  88   6                }
  89   5              }
  90   4              if (k == 2)
  91   4              {
  92   5                for (i = 7; i < 10; )
  93   5                {
  94   6                  KeyNum = MatrixKey();
  95   6                  if(i==7)
  96   6                  {
  97   7                  if(KeyNum>0&&KeyNum<10)
  98   7                  {
  99   8                  backnumber+=(KeyNum*100);
 100   8                  }
 101   7                  }
 102   6                  if(i==8)
 103   6                  {
 104   7                  if(KeyNum>0&&KeyNum<10)
 105   7                  {
 106   8                  backnumber+=(KeyNum*10);
 107   8                  }
 108   7                  }
 109   6                  if(i==9)
 110   6                  {
 111   7                  if(KeyNum>0&&KeyNum<10)
 112   7                  {
 113   8                  backnumber+=(KeyNum);
 114   8                  }
 115   7                  }
 116   6                  if (KeyNum < 10)
C51 COMPILER V9.54   MAIN                                                                  05/12/2021 10:31:12 PAGE 3   

 117   6                  {
 118   7                    LCD_Write_Char(i, 1, studentid[KeyNum]);
 119   7                    i++;
 120   7                  }
 121   6                  DelayMs(50);
 122   6                }
 123   5              }
 124   4              if (k == 3)
 125   4              {
 126   5                k=4;
 127   5                for (i = 12; i < 15; )
 128   5                {
 129   6                  KeyNum = MatrixKey();
 130   6                  if(i==12)
 131   6                  {
 132   7                  if(KeyNum>0&&KeyNum<10)
 133   7                  {
 134   8                  rightnumber+=(KeyNum*100);
 135   8                  }
 136   7                  }
 137   6                  if(i==13)
 138   6                  {
 139   7                  if(KeyNum>0&&KeyNum<10)
 140   7                  {
 141   8                  rightnumber+=(KeyNum*10);
 142   8                  }
 143   7                  }
 144   6                  if(i==14)
 145   6                  {
 146   7                  if(KeyNum>0&&KeyNum<10)
 147   7                  {
 148   8                  rightnumber+=(KeyNum);
 149   8                  }
 150   7                  }
 151   6                  if (KeyNum < 10)
 152   6                  {
 153   7                    LCD_Write_Char(i, 1, studentid[KeyNum]);
 154   7                    i++;
 155   7                  }
 156   6                  DelayMs(50);
 157   6                }
 158   5      
 159   5                LCD_Write_String(0, 0, "                ");
 160   5              }
 161   4            }
 162   3          }
 163   2        
 164   2          
 165   2          /*------------------------------------------------
 166   2                  右方
 167   2          ------------------------------------------------*/
 168   2          if (1)
 169   2          {
 170   3            /*one*/
 171   3            TRIGR = 1;
 172   3            DelayUs2x(10);
 173   3            TRIGR = 0;
 174   3            while (!ECHOR);
 175   3            TR1 = 1;
 176   3            while (ECHOR);
 177   3            TR1 = 0;
 178   3            S = TH1 * 256 + TL1;
C51 COMPILER V9.54   MAIN                                                                  05/12/2021 10:31:12 PAGE 4   

 179   3            S = S / 58;
 180   3            arr[0] = S;
 181   3            TH1 = 0;
 182   3            TL1 = 0;
 183   3            /*two*/
 184   3            TRIGR = 1;
 185   3            DelayUs2x(10);
 186   3            TRIGR = 0;
 187   3            while (!ECHOR);
 188   3            TR1 = 1;
 189   3            while (ECHOR);
 190   3            TR1 = 0;
 191   3            S = TH1 * 256 + TL1;
 192   3            S = S / 58;
 193   3            arr[1] = S;
 194   3            TH1 = 0;
 195   3            TL1 = 0;
 196   3            /*third*/
 197   3            TRIGR = 1;
 198   3            DelayUs2x(10);
 199   3            TRIGR = 0;
 200   3            while (!ECHOR);
 201   3            TR1 = 1;
 202   3            while (ECHOR);
 203   3            TR1 = 0;
 204   3            S = TH1 * 256 + TL1;
 205   3            S = S / 58;
 206   3            arr[2] = S;
 207   3            TH1 = 0;
 208   3            TL1 = 0;
 209   3            /*four*/
 210   3            TRIGR = 1;
 211   3            DelayUs2x(10);
 212   3            TRIGR = 0;
 213   3            while (!ECHOR);
 214   3            TR1 = 1;
 215   3            while (ECHOR);
 216   3            TR1 = 0;
 217   3            S = TH1 * 256 + TL1;
 218   3            S = S / 58;
 219   3            arr[3] = S;
 220   3            TH1 = 0;
 221   3            TL1 = 0;
 222   3            /*five*/
 223   3            TRIGR = 1;
 224   3            DelayUs2x(10);
 225   3            TRIGR = 0;
 226   3            while (!ECHOR);
 227   3            TR1 = 1;
 228   3            while (ECHOR);
 229   3            TR1 = 0;
 230   3            S = TH1 * 256 + TL1;
 231   3            S = S / 58;
 232   3            arr[4] = S;
 233   3            TH1 = 0;
 234   3            TL1 = 0;
 235   3            /*try*/
 236   3            for (i = 0; i < 5 - 1; i++)
 237   3              for (j = 0; j < 5 - 1 - i; j++)
 238   3                if (arr[j] > arr[j + 1])
 239   3                {
 240   4                  temp = arr[j];
C51 COMPILER V9.54   MAIN                                                                  05/12/2021 10:31:12 PAGE 5   

 241   4                  arr[j] = arr[j + 1];
 242   4                  arr[j + 1] = temp;
 243   4                }
 244   3            /*try*/
 245   3            S = ((arr[1] + arr[2] + arr[3] ) / 3);
 246   3            temp=rightnumber;
 247   3            if (S < temp)
 248   3            {
 249   4              
 250   4            SPK = 0;//防止一直给喇叭通电造成损坏
 251   4            DelayMs(250);
 252   4              
 253   4            }
 254   3            SPK = 1;
 255   3            sprintf(DisTempData, "R=%6.2f",S);
 256   3            LCD_Write_String(0, 1, DisTempData);
 257   3          }
 258   2          /*------------------------------------------------
 259   2                左方
 260   2          ------------------------------------------------*/
 261   2          if (1)
 262   2          {
 263   3            /*one*/
 264   3            TRIGL = 1;
 265   3            DelayUs2x(10);
 266   3            TRIGL = 0;
 267   3            while (!ECHOL);
 268   3            TR1 = 1;
 269   3            while (ECHOL);
 270   3            TR1 = 0;
 271   3            S = TH1 * 256 + TL1;
 272   3            S = S / 58;       //     58    ,  Y =(X *344)/2
 273   3            arr[0] = S;      // X =( 2*Y )/344 -> X =0.0058*Y  ->   =  /58 
 274   3            TH1 = 0;
 275   3            TL1 = 0;
 276   3            /*two*/
 277   3            TRIGL = 1;
 278   3            DelayUs2x(10);
 279   3            TRIGL = 0;
 280   3            while (!ECHOL);
 281   3            TR1 = 1;
 282   3            while (ECHOL);
 283   3            TR1 = 0;
 284   3            S = TH1 * 256 + TL1;
 285   3            S = S / 58;       //     58    ,  Y =(X *344)/2
 286   3            arr[1] = S;      // X =( 2*Y )/344 -> X =0.0058*Y  ->   =  /58 
 287   3            TH1 = 0;
 288   3            TL1 = 0;
 289   3            /*third*/
 290   3            TRIGL = 1;
 291   3            DelayUs2x(10);
 292   3            TRIGL = 0;
 293   3            while (!ECHOL);
 294   3            TR1 = 1;
 295   3            while (ECHOL);
 296   3            TR1 = 0;
 297   3            S = TH1 * 256 + TL1;
 298   3            S = S / 58;
 299   3            arr[2] = S;
 300   3            TH1 = 0;
 301   3            TL1 = 0;
 302   3            /*four*/
C51 COMPILER V9.54   MAIN                                                                  05/12/2021 10:31:12 PAGE 6   

 303   3            TRIGL = 1;
 304   3            DelayUs2x(10);
 305   3            TRIGL = 0;
 306   3            while (!ECHOL);
 307   3            TR1 = 1;
 308   3            while (ECHOL);
 309   3            TR1 = 0;
 310   3            S = TH1 * 256 + TL1;
 311   3            S = S / 58;
 312   3            arr[3] = S;
 313   3            TH1 = 0;
 314   3            TL1 = 0;
 315   3            /*five*/
 316   3            TRIGL = 1;
 317   3            DelayUs2x(10);
 318   3            TRIGL = 0;
 319   3            while (!ECHOL);
 320   3            TR1 = 1;
 321   3            while (ECHOL);
 322   3            TR1 = 0;
 323   3            S = TH1 * 256 + TL1;
 324   3            S = S / 58;
 325   3            arr[4] = S;
 326   3            TH1 = 0;
 327   3            TL1 = 0;
 328   3      
 329   3            /*try*/
 330   3            for (i = 0; i < 5 - 1; i++)
 331   3              for (j = 0; j < 5 - 1 - i; j++)
 332   3                if (arr[j] > arr[j + 1])
 333   3                {
 334   4                  temp = arr[j];
 335   4                  arr[j] = arr[j + 1];
 336   4                  arr[j + 1] = temp;
 337   4                }
 338   3            /*try*/
 339   3            S = ((arr[1] + arr[2] + arr[3] ) / 3);
 340   3            temp=leftnumber;
 341   3            if (S < temp)
 342   3            {
 343   4              
 344   4            SPK = 0;//防止一直给喇叭通电造成损坏
 345   4            DelayMs(250);
 346   4              
 347   4            }
 348   3            SPK = 1;
 349   3            
 350   3            sprintf(DisTempData,"L=%6.2f", S);
 351   3            LCD_Write_String(8, 1, DisTempData);
 352   3          }
 353   2          /*------------------------------------------------
 354   2                  后方
 355   2          ------------------------------------------------*/
 356   2          if (1)
 357   2          {
 358   3            TRIGB = 1;
 359   3            DelayUs2x(10);
 360   3            TRIGB = 0;
 361   3            while (!ECHOB);
 362   3            TR1 = 1;
 363   3            while (ECHOB);
 364   3            TR1 = 0;
C51 COMPILER V9.54   MAIN                                                                  05/12/2021 10:31:12 PAGE 7   

 365   3            S = TH1 * 256 + TL1;
 366   3            S = S / 58;       //     58    ,  Y =(X *344)/2
 367   3            arr[0] = S;      // X =( 2*Y )/344 -> X =0.0058*Y  ->   =  /58 
 368   3            TH1 = 0;
 369   3            TL1 = 0;
 370   3            /*two*/
 371   3            TRIGB = 1;
 372   3            DelayUs2x(10);
 373   3            TRIGB = 0;
 374   3            while (!ECHOB);
 375   3            TR1 = 1;
 376   3            while (ECHOB);
 377   3            TR1 = 0;
 378   3            S = TH1 * 256 + TL1;
 379   3            S = S / 58;       //     58    ,  Y =(X *344)/2
 380   3            arr[1] = S;      // X =( 2*Y )/344 -> X =0.0058*Y  ->   =  /58 
 381   3            TH1 = 0;
 382   3            TL1 = 0;
 383   3            /*third*/
 384   3            TRIGB = 1;
 385   3            DelayUs2x(10);
 386   3            TRIGB = 0;
 387   3            while (!ECHOB);
 388   3            TR1 = 1;
 389   3            while (ECHOB);
 390   3            TR1 = 0;
 391   3            S = TH1 * 256 + TL1;
 392   3            S = S / 58;       //     58    ,  Y =(X *344)/2
 393   3            arr[2] = S;      // X =( 2*Y )/344 -> X =0.0058*Y  ->   =  /58 
 394   3            TH1 = 0;
 395   3            TL1 = 0;
 396   3            /*four*/
 397   3            TRIGB = 1;
 398   3            DelayUs2x(10);
 399   3            TRIGB = 0;
 400   3            while (!ECHOB);
 401   3            TR1 = 1;
 402   3            while (ECHOB);
 403   3            TR1 = 0;
 404   3            S = TH1 * 256 + TL1;
 405   3            S = S / 58;       //     58    ,  Y =(X *344)/2
 406   3            arr[3] = S;      // X =( 2*Y )/344 -> X =0.0058*Y  ->   =  /58 
 407   3            TH1 = 0;
 408   3            TL1 = 0;
 409   3            /*five*/
 410   3            TRIGB = 1;
 411   3            DelayUs2x(10);
 412   3            TRIGB = 0;
 413   3            while (!ECHOB);
 414   3            TR1 = 1;
 415   3            while (ECHOB);
 416   3            TR1 = 0;
 417   3            S = TH1 * 256 + TL1;
 418   3            S = S / 58;       //     58    ,  Y =(X *344)/2
 419   3            arr[4] = S;      // X =( 2*Y )/344 -> X =0.0058*Y  ->   =  /58 
 420   3            TH1 = 0;
 421   3            TL1 = 0;
 422   3            /*try*/
 423   3            for (i = 0; i < 5 - 1; i++)
 424   3              for (j = 0; j < 5 - 1 - i; j++)
 425   3                if (arr[j] > arr[j + 1])
 426   3                {
C51 COMPILER V9.54   MAIN                                                                  05/12/2021 10:31:12 PAGE 8   

 427   4                  temp = arr[j];
 428   4                  arr[j] = arr[j + 1];
 429   4                  arr[j + 1] = temp;
 430   4                }
 431   3            /*try*/
 432   3            S = ((arr[1] + arr[2] + arr[3] ) / 3);
 433   3            temp=backnumber;
 434   3            if (S < temp)
 435   3            {
 436   4              
 437   4            SPK = 0;//防止一直给喇叭通电造成损坏
 438   4            DelayMs(250);
 439   4              
 440   4            }
 441   3            SPK = 1;
 442   3          
 443   3            sprintf(DisTempData, "B=%6.2f", S);
 444   3            LCD_Write_String(4, 0, DisTempData);
 445   3      
 446   3          }
 447   2        }
 448   1      }
 449          
 450          /*------------------------------------------------
 451                   中断
 452          ------------------------------------------------*/
 453          void Timer0_isr(void) interrupt 2
 454          {
 455   1        ECHOL = 0;
 456   1        ECHOB = 0;
 457   1        ECHOR = 0;
 458   1      }


MODULE INFORMATION:   STATIC OVERLAYABLE
   CODE SIZE        =   2841    ----
   CONSTANT SIZE    =     86    ----
   XDATA SIZE       =   ----    ----
   PDATA SIZE       =   ----    ----
   DATA SIZE        =     49    ----
   IDATA SIZE       =   ----    ----
   BIT SIZE         =   ----    ----
END OF MODULE INFORMATION.


C51 COMPILATION COMPLETE.  0 WARNING(S),  0 ERROR(S)
