C51 COMPILER V9.54   HCSR04                                                                05/15/2021 13:53:26 PAGE 1   


C51 COMPILER V9.54, COMPILATION OF MODULE HCSR04
OBJECT MODULE PLACED IN .\Objects\hcsr04.obj
COMPILER INVOKED BY: C:\Program Files (x86)\Keil_v5\C51\BIN\C51.EXE hcsr04.c OPTIMIZE(8,SPEED) BROWSE DEBUG OBJECTEXTEND
                    - PRINT(.\Listings\hcsr04.lst) TABS(2) OBJECT(.\Objects\hcsr04.obj)

line level    source

   1          #include <stdio.h>
   2          #include <reg52.h>
   3          #include <QX_A11.h>
   4          //#include <math.h>
   5          #include "delay.h"
   6          #include "1602.h"
   7          int leftnumber, backnumber, rightnumber,i,j;
   8          void Timer0_isr(void) interrupt 2
   9          {
  10   1        ECHOL = 0;
  11   1        ECHOB = 0;
  12   1        ECHOR = 0;
  13   1      }
  14          void TIM1init(void)
  15          {
  16   1      
  17   1        TMOD |= 0x10;
  18   1        TH1 = 0x00;
  19   1        TL1 = 0x00;
  20   1        ET1 = 1;
  21   1      }
  22          
  23          void hcsr04()
  24          { float S, arr[5], temp;
  25   1        unsigned char DisTempData[7];
  26   1      
  27   1        /*------------------------------------------------
  28   1                右方
  29   1        ------------------------------------------------*/
  30   1        if (1)
  31   1        {
  32   2          /*one*/
  33   2          TRIGR = 1;
  34   2          DelayUs2x(10);
  35   2          TRIGR = 0;
  36   2          while (!ECHOR);
  37   2          TR1 = 1;
  38   2          while (ECHOR);
  39   2          TR1 = 0;
  40   2          S = TH1 * 256 + TL1;
  41   2          S = S / 58;
  42   2          arr[0] = S;
  43   2          TH1 = 0;
  44   2          TL1 = 0;
  45   2          /*two*/
  46   2          TRIGR = 1;
  47   2          DelayUs2x(10);
  48   2          TRIGR = 0;
  49   2          while (!ECHOR);
  50   2          TR1 = 1;
  51   2          while (ECHOR);
  52   2          TR1 = 0;
  53   2          S = TH1 * 256 + TL1;
  54   2          S = S / 58;
C51 COMPILER V9.54   HCSR04                                                                05/15/2021 13:53:26 PAGE 2   

  55   2          arr[1] = S;
  56   2          TH1 = 0;
  57   2          TL1 = 0;
  58   2          /*third*/
  59   2          TRIGR = 1;
  60   2          DelayUs2x(10);
  61   2          TRIGR = 0;
  62   2          while (!ECHOR);
  63   2          TR1 = 1;
  64   2          while (ECHOR);
  65   2          TR1 = 0;
  66   2          S = TH1 * 256 + TL1;
  67   2          S = S / 58;
  68   2          arr[2] = S;
  69   2          TH1 = 0;
  70   2          TL1 = 0;
  71   2          /*four*/
  72   2          TRIGR = 1;
  73   2          DelayUs2x(10);
  74   2          TRIGR = 0;
  75   2          while (!ECHOR);
  76   2          TR1 = 1;
  77   2          while (ECHOR);
  78   2          TR1 = 0;
  79   2          S = TH1 * 256 + TL1;
  80   2          S = S / 58;
  81   2          arr[3] = S;
  82   2          TH1 = 0;
  83   2          TL1 = 0;
  84   2          /*five*/
  85   2          TRIGR = 1;
  86   2          DelayUs2x(10);
  87   2          TRIGR = 0;
  88   2          while (!ECHOR);
  89   2          TR1 = 1;
  90   2          while (ECHOR);
  91   2          TR1 = 0;
  92   2          S = TH1 * 256 + TL1;
  93   2          S = S / 58;
  94   2          arr[4] = S;
  95   2          TH1 = 0;
  96   2          TL1 = 0;
  97   2          /*try*/
  98   2          for (i = 0; i < 5 - 1; i++)
  99   2            for (j = 0; j < 5 - 1 - i; j++)
 100   2              if (arr[j] > arr[j + 1])
 101   2              {
 102   3                temp = arr[j];
 103   3                arr[j] = arr[j + 1];
 104   3                arr[j + 1] = temp;
 105   3              }
 106   2          /*try*/
 107   2          S = ((arr[1] + arr[2] + arr[3]) / 3);
 108   2          if (S < rightnumber)
 109   2          {
 110   3      
 111   3            SPK = 0;//防止一直给喇叭通电造成损坏
 112   3            DelayMs(250);
 113   3      
 114   3          }
 115   2          SPK = 1;
 116   2          sprintf(DisTempData, "R=%6.2f", S);
C51 COMPILER V9.54   HCSR04                                                                05/15/2021 13:53:26 PAGE 3   

 117   2          LCD_Write_String(0, 1, DisTempData);
 118   2      
 119   2        }
 120   1        /*------------------------------------------------
 121   1              左方
 122   1        ------------------------------------------------*/
 123   1        if (1)
 124   1        {
 125   2          /*one*/
 126   2          TRIGL = 1;
 127   2          DelayUs2x(10);
 128   2          TRIGL = 0;
 129   2          while (!ECHOL);
 130   2          TR1 = 1;
 131   2          while (ECHOL);
 132   2          TR1 = 0;
 133   2          S = TH1 * 256 + TL1;
 134   2          S = S / 58;       //     58    ,  Y =(X *344)/2
 135   2          arr[0] = S;      // X =( 2*Y )/344 -> X =0.0058*Y  ->   =  /58 
 136   2          TH1 = 0;
 137   2          TL1 = 0;
 138   2          /*two*/
 139   2          TRIGL = 1;
 140   2          DelayUs2x(10);
 141   2          TRIGL = 0;
 142   2          while (!ECHOL);
 143   2          TR1 = 1;
 144   2          while (ECHOL);
 145   2          TR1 = 0;
 146   2          S = TH1 * 256 + TL1;
 147   2          S = S / 58;       //     58    ,  Y =(X *344)/2
 148   2          arr[1] = S;      // X =( 2*Y )/344 -> X =0.0058*Y  ->   =  /58 
 149   2          TH1 = 0;
 150   2          TL1 = 0;
 151   2          /*third*/
 152   2          TRIGL = 1;
 153   2          DelayUs2x(10);
 154   2          TRIGL = 0;
 155   2          while (!ECHOL);
 156   2          TR1 = 1;
 157   2          while (ECHOL);
 158   2          TR1 = 0;
 159   2          S = TH1 * 256 + TL1;
 160   2          S = S / 58;
 161   2          arr[2] = S;
 162   2          TH1 = 0;
 163   2          TL1 = 0;
 164   2          /*four*/
 165   2          TRIGL = 1;
 166   2          DelayUs2x(10);
 167   2          TRIGL = 0;
 168   2          while (!ECHOL);
 169   2          TR1 = 1;
 170   2          while (ECHOL);
 171   2          TR1 = 0;
 172   2          S = TH1 * 256 + TL1;
 173   2          S = S / 58;
 174   2          arr[3] = S;
 175   2          TH1 = 0;
 176   2          TL1 = 0;
 177   2          /*five*/
 178   2          TRIGL = 1;
C51 COMPILER V9.54   HCSR04                                                                05/15/2021 13:53:26 PAGE 4   

 179   2          DelayUs2x(10);
 180   2          TRIGL = 0;
 181   2          while (!ECHOL);
 182   2          TR1 = 1;
 183   2          while (ECHOL);
 184   2          TR1 = 0;
 185   2          S = TH1 * 256 + TL1;
 186   2          S = S / 58;
 187   2          arr[4] = S;
 188   2          TH1 = 0;
 189   2          TL1 = 0;
 190   2      
 191   2          /*try*/
 192   2          for (i = 0; i < 5 - 1; i++)
 193   2            for (j = 0; j < 5 - 1 - i; j++)
 194   2              if (arr[j] > arr[j + 1])
 195   2              {
 196   3                temp = arr[j];
 197   3                arr[j] = arr[j + 1];
 198   3                arr[j + 1] = temp;
 199   3              }
 200   2          /*try*/
 201   2          S = ((arr[1] + arr[2] + arr[3]) / 3);
 202   2          if (S < leftnumber)
 203   2          {
 204   3      
 205   3            SPK = 0;//防止一直给喇叭通电造成损坏
 206   3            DelayMs(250);
 207   3      
 208   3          }
 209   2          SPK = 1;
 210   2          sprintf(DisTempData, "L=%6.2f", S);
 211   2          LCD_Write_String(8, 1, DisTempData);
 212   2      
 213   2        }
 214   1        /*------------------------------------------------
 215   1                后方
 216   1        ------------------------------------------------*/
 217   1        if (1)
 218   1        {
 219   2          TRIGB = 1;
 220   2          DelayUs2x(10);
 221   2          TRIGB = 0;
 222   2          while (!ECHOB);
 223   2          TR1 = 1;
 224   2          while (ECHOB);
 225   2          TR1 = 0;
 226   2          S = TH1 * 256 + TL1;
 227   2          S = S / 58;       //     58    ,  Y =(X *344)/2
 228   2          arr[0] = S;      // X =( 2*Y )/344 -> X =0.0058*Y  ->   =  /58 
 229   2          TH1 = 0;
 230   2          TL1 = 0;
 231   2          /*two*/
 232   2          TRIGB = 1;
 233   2          DelayUs2x(10);
 234   2          TRIGB = 0;
 235   2          while (!ECHOB);
 236   2          TR1 = 1;
 237   2          while (ECHOB);
 238   2          TR1 = 0;
 239   2          S = TH1 * 256 + TL1;
 240   2          S = S / 58;       //     58    ,  Y =(X *344)/2
C51 COMPILER V9.54   HCSR04                                                                05/15/2021 13:53:26 PAGE 5   

 241   2          arr[1] = S;      // X =( 2*Y )/344 -> X =0.0058*Y  ->   =  /58 
 242   2          TH1 = 0;
 243   2          TL1 = 0;
 244   2          /*third*/
 245   2          TRIGB = 1;
 246   2          DelayUs2x(10);
 247   2          TRIGB = 0;
 248   2          while (!ECHOB);
 249   2          TR1 = 1;
 250   2          while (ECHOB);
 251   2          TR1 = 0;
 252   2          S = TH1 * 256 + TL1;
 253   2          S = S / 58;       //     58    ,  Y =(X *344)/2
 254   2          arr[2] = S;      // X =( 2*Y )/344 -> X =0.0058*Y  ->   =  /58 
 255   2          TH1 = 0;
 256   2          TL1 = 0;
 257   2          /*four*/
 258   2          TRIGB = 1;
 259   2          DelayUs2x(10);
 260   2          TRIGB = 0;
 261   2          while (!ECHOB);
 262   2          TR1 = 1;
 263   2          while (ECHOB);
 264   2          TR1 = 0;
 265   2          S = TH1 * 256 + TL1;
 266   2          S = S / 58;       //     58    ,  Y =(X *344)/2
 267   2          arr[3] = S;      // X =( 2*Y )/344 -> X =0.0058*Y  ->   =  /58 
 268   2          TH1 = 0;
 269   2          TL1 = 0;
 270   2          /*five*/
 271   2          TRIGB = 1;
 272   2          DelayUs2x(10);
 273   2          TRIGB = 0;
 274   2          while (!ECHOB);
 275   2          TR1 = 1;
 276   2          while (ECHOB);
 277   2          TR1 = 0;
 278   2          S = TH1 * 256 + TL1;
 279   2          S = S / 58;       //     58    ,  Y =(X *344)/2
 280   2          arr[4] = S;      // X =( 2*Y )/344 -> X =0.0058*Y  ->   =  /58 
 281   2          TH1 = 0;
 282   2          TL1 = 0;
 283   2          /*try*/
 284   2          for (i = 0; i < 5 - 1; i++)
 285   2            for (j = 0; j < 5 - 1 - i; j++)
 286   2              if (arr[j] > arr[j + 1])
 287   2              {
 288   3                temp = arr[j];
 289   3                arr[j] = arr[j + 1];
 290   3                arr[j + 1] = temp;
 291   3              }
 292   2          /*try*/
 293   2          S = ((arr[1] + arr[2] + arr[3]) / 3);
 294   2          if (S < backnumber)
 295   2          {
 296   3      
 297   3            SPK = 0;//防止一直给喇叭通电造成损坏
 298   3            DelayMs(250);
 299   3      
 300   3          }
 301   2          SPK = 1;
 302   2          sprintf(DisTempData, "B=%6.2f", S);
C51 COMPILER V9.54   HCSR04                                                                05/15/2021 13:53:26 PAGE 6   

 303   2          LCD_Write_String(4, 0, DisTempData);
 304   2        }
 305   1      }


MODULE INFORMATION:   STATIC OVERLAYABLE
   CODE SIZE        =   1992    ----
   CONSTANT SIZE    =     24    ----
   XDATA SIZE       =   ----    ----
   PDATA SIZE       =   ----    ----
   DATA SIZE        =     10      35
   IDATA SIZE       =   ----    ----
   BIT SIZE         =   ----    ----
END OF MODULE INFORMATION.


C51 COMPILATION COMPLETE.  0 WARNING(S),  0 ERROR(S)
