C51 COMPILER V9.54   KEYDOUS                                                               05/15/2021 13:53:26 PAGE 1   


C51 COMPILER V9.54, COMPILATION OF MODULE KEYDOUS
OBJECT MODULE PLACED IN .\Objects\keydous.obj
COMPILER INVOKED BY: C:\Program Files (x86)\Keil_v5\C51\BIN\C51.EXE keydous.c OPTIMIZE(8,SPEED) BROWSE DEBUG OBJECTEXTEN
                    -D PRINT(.\Listings\keydous.lst) TABS(2) OBJECT(.\Objects\keydous.obj)

line level    source

   1          #include <reg52.h>
   2          #include "1602.h"
   3          #include "delay.h"
   4          #include "string.h"
   5          #include "MatrixKey.h"
   6          unsigned char code studentid[]="0123456789";
   7          extern int leftnumber, backnumber, rightnumber,i,j;
   8          int KeyNum,k=0;
   9          char  keydous()
  10          {  
  11   1        
  12   1      /*------------------------------------------------
  13   1          ∑‰√˘∆˜æØΩ‰÷µ ‰»Î
  14   1      ------------------------------------------------*/
  15   1        while(k<3)
  16   1        {
  17   2            if (k == 0)
  18   2            {
  19   3                LCD_Write_String(0, 1, " L___ B___ R___ ");
  20   3            }
  21   2            LCD_Write_String(0, 0, "   input dist   ");
  22   2            KeyNum = MatrixKey();
  23   2            if (KeyNum == 13)
  24   2            {
  25   3              k++;
  26   3              if (k == 1)
  27   3              {
  28   4                for (i = 2; i < 5;)
  29   4                {
  30   5                  KeyNum = MatrixKey();
  31   5                  if(i==2)
  32   5                  {
  33   6                  if(KeyNum>0&&KeyNum<10)
  34   6                  {
  35   7                  leftnumber+=(KeyNum*100);
  36   7                  }
  37   6                  }
  38   5                  if(i==3)
  39   5                  {
  40   6                  if(KeyNum>0&&KeyNum<10)
  41   6                  {
  42   7                  leftnumber+=(KeyNum*10);
  43   7                  }
  44   6                  }
  45   5                  if(i==4)
  46   5                  {
  47   6                  if(KeyNum>0&&KeyNum<10)
  48   6                  {
  49   7                  leftnumber+=(KeyNum);
  50   7                  }
  51   6                  }
  52   5                  if (KeyNum < 10)
  53   5                  {
  54   6                    
C51 COMPILER V9.54   KEYDOUS                                                               05/15/2021 13:53:26 PAGE 2   

  55   6                    LCD_Write_Char(i, 1, studentid[KeyNum]);
  56   6                    i++;
  57   6                  }
  58   5              DelayMs(50);
  59   5                }
  60   4              }
  61   3              if (k == 2)
  62   3              {
  63   4                for (i = 7; i < 10; )
  64   4                {
  65   5                  KeyNum = MatrixKey();
  66   5                  if(i==7)
  67   5                  {
  68   6                  if(KeyNum>0&&KeyNum<10)
  69   6                  {
  70   7                  backnumber+=(KeyNum*100);
  71   7                  }
  72   6                  }
  73   5                  if(i==8)
  74   5                  {
  75   6                  if(KeyNum>0&&KeyNum<10)
  76   6                  {
  77   7                  backnumber+=(KeyNum*10);
  78   7                  }
  79   6                  }
  80   5                  if(i==9)
  81   5                  {
  82   6                  if(KeyNum>0&&KeyNum<10)
  83   6                  {
  84   7                  backnumber+=(KeyNum);
  85   7                  }
  86   6                  }
  87   5                  if (KeyNum < 10)
  88   5                  {
  89   6                    LCD_Write_Char(i, 1, studentid[KeyNum]);
  90   6                    i++;
  91   6                  }
  92   5                  DelayMs(50);
  93   5                }
  94   4              }
  95   3              if (k == 3)
  96   3              {
  97   4                k=4;
  98   4                for (i = 12; i < 15; )
  99   4                {
 100   5                  KeyNum = MatrixKey();
 101   5                  if(i==12)
 102   5                  {
 103   6                  if(KeyNum>0&&KeyNum<10)
 104   6                  {
 105   7                  rightnumber+=(KeyNum*100);
 106   7                  }
 107   6                  }
 108   5                  if(i==13)
 109   5                  {
 110   6                  if(KeyNum>0&&KeyNum<10)
 111   6                  {
 112   7                  rightnumber+=(KeyNum*10);
 113   7                  }
 114   6                  }
 115   5                  if(i==14)
 116   5                  {
C51 COMPILER V9.54   KEYDOUS                                                               05/15/2021 13:53:26 PAGE 3   

 117   6                  if(KeyNum>0&&KeyNum<10)
 118   6                  {
 119   7                  rightnumber+=(KeyNum);
 120   7                  }
 121   6                  }
 122   5                  if (KeyNum < 10)
 123   5                  {
 124   6                    LCD_Write_Char(i, 1, studentid[KeyNum]);
 125   6                    i++;
 126   6                  }
 127   5                  DelayMs(50);
 128   5                }
 129   4       
 130   4                LCD_Write_String(0, 0, "                ");
 131   4               }
 132   3              
 133   3             }
 134   2            
 135   2           }
 136   1        return leftnumber, backnumber, rightnumber;
 137   1        }


MODULE INFORMATION:   STATIC OVERLAYABLE
   CODE SIZE        =    817    ----
   CONSTANT SIZE    =     62    ----
   XDATA SIZE       =   ----    ----
   PDATA SIZE       =   ----    ----
   DATA SIZE        =      4    ----
   IDATA SIZE       =   ----    ----
   BIT SIZE         =   ----    ----
END OF MODULE INFORMATION.


C51 COMPILATION COMPLETE.  0 WARNING(S),  0 ERROR(S)
